<html>
<body>
<pre>
<h1>µVision Build Log</h1>
<h2>Tool Versions:</h2>
IDE-Version: µVision V5.38.0.0
Copyright (C) 2022 ARM Ltd and ARM Germany GmbH. All rights reserved.
License Information: Omar AbdAlAal, ASU, LIC=----
 
Tool Versions:
Toolchain:       MDK-Lite  Version: 5.38.0.0
Toolchain Path:  C:\Keil_v5\ARM\ARMCLANG\Bin
C Compiler:      ArmClang.exe V6.19
Assembler:       Armasm.exe V6.19
Linker/Locator:  ArmLink.exe V6.19
Library Manager: ArmAr.exe V6.19
Hex Converter:   FromElf.exe V6.19
CPU DLL:         SARMCM3.DLL V5.38.0.0
Dialog DLL:      DCM.DLL V1.17.5.0
Target DLL:      lmidk-agdi.dll V???
Dialog DLL:      TCM.DLL V1.56.4.0
 
<h2>Project:</h2>
C:\Omar\College\Semester_8\Real Time & Embedded Systems Design\Project\project.uvprojx
Project File Date:  05/16/2025

<h2>Output:</h2>
*** Using Compiler 'V6.19', folder: 'C:\Keil_v5\ARM\ARMCLANG\Bin'
Rebuild target 'Target 1'
Note: source file 'C:/Users/omari/AppData/Local/Arm/Packs/ARM/CMSIS/6.1.0/CMSIS/RTOS2/Source/os_systick.c' - object file renamed from '.\Objects\os_systick.o' to '.\Objects\os_systick_1.o'.
compiling basic_io.c...
compiling main.c...
compiling os_systick.c...
compiling retarget_io.c...
compiling consoleprint.c...
compiling clib_arm.c...
compiling retarget.c...
compiling adc_speed.c...
compiling ultrasonic.c...
assembling startup_TM4C123.s...
compiling timer.c...
compiling DIO.c...
compiling system_TM4C123.c...
compiling freertos_evr.c...
compiling os_systick.c...
compiling port.c...
compiling list.c...
compiling event_groups.c...
compiling heap_2.c...
compiling timers.c...
compiling cmsis_os2.c...
compiling queue.c...
compiling tasks.c...
linking...
.\Objects\19-Example015.axf: Warning: L6439W: Multiply defined Global Symbol OS_Tick_GetCount defined in .text.OS_Tick_GetCount(os_systick_1.o) rejected in favor of Symbol defined in .text.OS_Tick_GetCount(os_systick.o).
.\Objects\19-Example015.axf: Warning: L6439W: Multiply defined Global Symbol OS_Tick_GetOverflow defined in .text.OS_Tick_GetOverflow(os_systick_1.o) rejected in favor of Symbol defined in .text.OS_Tick_GetOverflow(os_systick.o).
.\Objects\19-Example015.axf: Warning: L6439W: Multiply defined Global Symbol OS_Tick_GetInterval defined in .text.OS_Tick_GetInterval(os_systick_1.o) rejected in favor of Symbol defined in .text.OS_Tick_GetInterval(os_systick.o).
.\Objects\19-Example015.axf: Warning: L6439W: Multiply defined Global Symbol OS_Tick_Setup defined in .text.OS_Tick_Setup(os_systick_1.o) rejected in favor of Symbol defined in .text.OS_Tick_Setup(os_systick.o).
.\Objects\19-Example015.axf: Warning: L6439W: Multiply defined Global Symbol OS_Tick_Enable defined in .text.OS_Tick_Enable(os_systick_1.o) rejected in favor of Symbol defined in .text.OS_Tick_Enable(os_systick.o).
.\Objects\19-Example015.axf: Warning: L6439W: Multiply defined Global Symbol OS_Tick_Disable defined in .text.OS_Tick_Disable(os_systick_1.o) rejected in favor of Symbol defined in .text.OS_Tick_Disable(os_systick.o).
.\Objects\19-Example015.axf: Warning: L6439W: Multiply defined Global Symbol OS_Tick_AcknowledgeIRQ defined in .text.OS_Tick_AcknowledgeIRQ(os_systick_1.o) rejected in favor of Symbol defined in .text.OS_Tick_AcknowledgeIRQ(os_systick.o).
.\Objects\19-Example015.axf: Warning: L6439W: Multiply defined Global Symbol OS_Tick_GetIRQn defined in .text.OS_Tick_GetIRQn(os_systick_1.o) rejected in favor of Symbol defined in .text.OS_Tick_GetIRQn(os_systick.o).
.\Objects\19-Example015.axf: Warning: L6439W: Multiply defined Global Symbol OS_Tick_GetClock defined in .text.OS_Tick_GetClock(os_systick_1.o) rejected in favor of Symbol defined in .text.OS_Tick_GetClock(os_systick.o).
Program Size: Code=24176 RO-data=1340 RW-data=16 ZI-data=11784  
Finished: 0 information, 9 warning and 0 error messages.
".\Objects\19-Example015.axf" - 0 Error(s), 9 Warning(s).

<h2>Software Packages used:</h2>

Package Vendor: ARM
                https://www.keil.com/pack/ARM.CMSIS.6.1.0.pack
                ARM.CMSIS.6.1.0
                CMSIS (Common Microcontroller Software Interface Standard)
   * Component: OS Tick Version: 1.0.1
   * Component: RTOS2 Version: 2.3.0
   * Component: CORE Version: 6.1.0
   * Component: SysTick Version: 1.0.5

Package Vendor: ARM
                https://www.keil.com/pack/ARM.CMSIS-FreeRTOS.10.5.1.pack
                ARM.CMSIS-FreeRTOS.10.5.1
                Bundle of FreeRTOS for Cortex-M and Cortex-A
   * Component: Config Variant: CMSIS RTOS2 Version: 10.5.1
   * Component: Core Variant: Cortex-M Version: 10.5.1
   * Component: Event Groups Version: 10.5.1
   * Component: Heap Variant: Heap_2 Version: 10.5.1
   * Component: Timers Version: 10.5.1
   * Component: FreeRTOS Variant: Cortex-M Version: 10.5.1

Package Vendor: Keil
                https://www.keil.com/pack/Keil.ARM_Compiler.1.7.2.pack
                Keil.ARM_Compiler.1.7.2
                Keil ARM Compiler extensions for ARM Compiler 5 and ARM Compiler 6
   * Component: STDIN Variant: ITM Version: 1.2.0
   * Component: STDOUT Variant: ITM Version: 1.2.0

Package Vendor: Keil
                http://www.keil.com/pack/Keil.TM4C_DFP.1.1.0.pack
                Keil.TM4C_DFP.1.1.0
                Texas Instruments Tiva C Series Device Support and Examples
   * Component: Startup Version: 1.0.1

<h2>Collection of Component include folders:</h2>
  ./RTE/RTOS
  ./RTE/_Target_1
  C:/Users/omari/AppData/Local/Arm/Packs/ARM/CMSIS-FreeRTOS/10.5.1/CMSIS/RTOS2/FreeRTOS/Include
  C:/Users/omari/AppData/Local/Arm/Packs/ARM/CMSIS-FreeRTOS/10.5.1/Source/include
  C:/Users/omari/AppData/Local/Arm/Packs/ARM/CMSIS-FreeRTOS/10.5.1/Source/portable/GCC/ARM_CM4F
  C:/Users/omari/AppData/Local/Arm/Packs/ARM/CMSIS/6.1.0/CMSIS/Core/Include
  C:/Users/omari/AppData/Local/Arm/Packs/ARM/CMSIS/6.1.0/CMSIS/RTOS2/Include
  C:/Users/omari/AppData/Local/Arm/Packs/Keil/TM4C_DFP/1.1.0/Device/Include/TM4C123

<h2>Collection of Component Files used:</h2>

   * Component: ::CMSIS:OS Tick:1.0.1 (API)
      Include file:  CMSIS/RTOS2/Include/os_tick.h

   * Component: ::CMSIS:RTOS2:2.3.0 (API)
      Include file:  CMSIS/RTOS2/Include/cmsis_os2.h

   * Component: ARM.FreeRTOS::RTOS:Config:CMSIS RTOS2:10.5.1
      Include file:  CMSIS/RTOS2/FreeRTOS/Config/ARMCM/FreeRTOSConfig.h

   * Component: ARM.FreeRTOS::RTOS:Core:Cortex-M:10.5.1
      Source file:   CMSIS/RTOS2/FreeRTOS/Source/freertos_evr.c
      Source file:   Source/tasks.c
      Include file:  Source/include/FreeRTOS.h
      Include file:  Source/include/task.h
      Source file:   Source/list.c
      Include file:  Source/include/queue.h
      Include file:  Source/include/semphr.h
      Source file:   Source/queue.c
      Source file:   Source/portable/GCC/ARM_CM4F/port.c

   * Component: ARM.FreeRTOS::RTOS:Event Groups:10.5.1
      Include file:  Source/include/event_groups.h
      Source file:   Source/event_groups.c

   * Component: ARM.FreeRTOS::RTOS:Heap:Heap_2:10.5.1
      Source file:   Source/portable/MemMang/heap_2.c

   * Component: ARM.FreeRTOS::RTOS:Timers:10.5.1
      Source file:   Source/timers.c
      Include file:  Source/include/timers.h

   * Component: ARM::CMSIS:CORE:6.1.0

   * Component: ARM::CMSIS:OS Tick:SysTick:1.0.5
      Source file:   CMSIS/RTOS2/Source/os_systick.c

   * Component: ARM::CMSIS:RTOS2:FreeRTOS:Cortex-M:10.5.1
      Include file:  CMSIS/RTOS2/FreeRTOS/Include/freertos_mpool.h
      Source file:   CMSIS/RTOS2/FreeRTOS/Source/cmsis_os2.c
      Source file:   CMSIS/RTOS2/FreeRTOS/Source/os_systick.c
      Source file:   CMSIS/RTOS2/FreeRTOS/Source/ARM/clib_arm.c

   * Component: Keil.ARM Compiler::Compiler:I/O:STDIN:ITM:1.2.0
      Source file:   Source/retarget_io.c

   * Component: Keil.ARM Compiler::Compiler:I/O:STDOUT:ITM:1.2.0
      Source file:   Source/retarget_io.c

   * Component: Keil::Device:Startup:1.0.1
      Source file:   Device/Source/system_TM4C123.c
      Source file:   Device/Source/ARM/startup_TM4C123.s
      Include file:  Device/Include/TM4C123/TM4C123.h
Build Time Elapsed:  00:00:01
</pre>
</body>
</html>
